// Jest Snapshot v1, https://goo.gl/fbAQLP

exports[`should render add expense page 1`] = `
<div>
  <div>
    Hello from Add Expense Page
  </div>
  <ExpenseForm
    onSubmit={[Function]}
  />
</div>
`;
