// Jest Snapshot v1, https://goo.gl/fbAQLP

exports[`Render expense list with expenses 1`] = `
<div>
  <ExpenseListItem
    amount={195}
    createdAt={0}
    description="Gum"
    id="1"
    key="1"
    note=""
  />
  <ExpenseListItem
    amount={180000}
    createdAt={-345600000}
    description="Rent"
    id="2"
    key="2"
    note=""
  />
  <ExpenseListItem
    amount={595}
    createdAt={345600000}
    description="Coffee"
    id="3"
    key="3"
    note=""
  />
</div>
`;

exports[`Render expense list with no expenses 1`] = `<div />`;
