// Jest Snapshot v1, https://goo.gl/fbAQLP

exports[`should render LoadingPage 1`] = `
<div
  className="loading"
>
  <img
    className="loading__image"
    src="/images/Loader.gif"
  />
</div>
`;
